[
	[
		"Chunk",
		2128948584,
		-1195685158,
		"Level",
		{
		},
		[
		],
		{
		}
	],
	[
		"Actor",
		643055411,
		2128948584,
		"FlappyBird1",
		{
			"enabled": true,
			"static": false
		},
		[
		],
		{
		}
	],
	[
		"Transform",
		-677278889,
		643055411,
		"Transform",
		{
			"enabled": true,
			"position": {
				"Vector3":
				[
					2.048676,
					-0.100000,
					-1.000000
				]
			},
			"quaternion": {
				"Quaternion":
				[
					0.000000,
					0.000000,
					0.000000,
					1.000000
				]
			},
			"rotation": {
				"Vector3":
				[
					0.000000,
					0.000000,
					0.000000
				]
			},
			"scale": {
				"Vector3":
				[
					1.000000,
					1.000000,
					1.000000
				]
			}
		},
		[
		],
		{
		}
	],
	[
		"SpriteRender",
		758923030,
		643055411,
		"SpriteRender",
		{
			"color": {
				"Vector4":
				[
					1.000000,
					1.000000,
					1.000000,
					1.000000
				]
			},
			"drawMode": 0,
			"enabled": true,
			"item": "Tree",
			"layer": 0,
			"size": {
				"Vector2":
				[
					2.560000,
					2.400000
				]
			}
		},
		[
		],
		{
			"BaseMap": "{2e17daec-20bf-45f9-a69f-c43295be2675}",
			"Material": "{00000000-0401-0000-0000-000000000000}"
		}
	],
	[
		"Actor",
		-1681762879,
		2128948584,
		"FlappyBird2",
		{
			"enabled": true,
			"static": false
		},
		[
		],
		{
		}
	],
	[
		"Transform",
		-1781372757,
		-1681762879,
		"Transform",
		{
			"enabled": true,
			"position": {
				"Vector3":
				[
					-2.000000,
					-0.100000,
					-1.000000
				]
			},
			"quaternion": {
				"Quaternion":
				[
					0.000000,
					0.000000,
					0.000000,
					1.000000
				]
			},
			"rotation": {
				"Vector3":
				[
					0.000000,
					0.000000,
					0.000000
				]
			},
			"scale": {
				"Vector3":
				[
					0.500000,
					0.500000,
					1.000000
				]
			}
		},
		[
		],
		{
		}
	],
	[
		"SpriteRender",
		1865620781,
		-1681762879,
		"SpriteRender",
		{
			"color": {
				"Vector4":
				[
					0.000000,
					0.666667,
					0.498039,
					1.000000
				]
			},
			"drawMode": 0,
			"enabled": true,
			"item": "Cloud",
			"layer": 0,
			"size": {
				"Vector2":
				[
					3.120000,
					1.230000
				]
			}
		},
		[
		],
		{
			"BaseMap": "{2e17daec-20bf-45f9-a69f-c43295be2675}",
			"Material": "{00000000-0401-0000-0000-000000000000}"
		}
	],
	[
		"Actor",
		-1238088472,
		2128948584,
		"Ground",
		{
			"enabled": true,
			"static": false
		},
		[
		],
		{
		}
	],
	[
		"Transform",
		-1709114575,
		-1238088472,
		"Transform",
		{
			"enabled": true,
			"position": {
				"Vector3":
				[
					0.000000,
					-0.500000,
					1.000000
				]
			},
			"quaternion": {
				"Quaternion":
				[
					0.000000,
					0.000000,
					0.000000,
					1.000000
				]
			},
			"rotation": {
				"Vector3":
				[
					0.000000,
					0.000000,
					0.000000
				]
			},
			"scale": {
				"Vector3":
				[
					0.500000,
					0.500000,
					1.000000
				]
			}
		},
		[
		],
		{
		}
	],
	[
		"SpriteRender",
		2127448839,
		-1238088472,
		"SpriteRender",
		{
			"color": {
				"Vector4":
				[
					1.000000,
					1.000000,
					1.000000,
					1.000000
				]
			},
			"drawMode": 1,
			"enabled": true,
			"item": "Ground",
			"layer": 0,
			"size": {
				"Vector2":
				[
					80.000000,
					2.200000
				]
			}
		},
		[
		],
		{
			"BaseMap": "{2e17daec-20bf-45f9-a69f-c43295be2675}",
			"Material": "{00000000-0401-0000-0000-000000000000}"
		}
	],
	[
		"BoxCollider",
		-1242843015,
		-1238088472,
		"BoxCollider",
		{
			"center": {
				"Vector3":
				[
					0.000000,
					0.000000,
					0.000000
				]
			},
			"enabled": true,
			"size": {
				"Vector3":
				[
					40.000000,
					1.100000,
					2.000000
				]
			},
			"trigger": false
		},
		[
		],
		{
		}
	],
	[
		"RigidBody",
		1400638443,
		-1238088472,
		"RigidBody",
		{
			"enabled": true,
			"kinematic": false,
			"lockPosition": 0,
			"lockRotation": 0,
			"mass": 0.000000
		},
		[
		],
		{
		}
	],
	[
		"Actor",
		-1739553184,
		2128948584,
		"Camera",
		{
			"enabled": true,
			"static": false
		},
		[
		],
		{
		}
	],
	[
		"Transform",
		-330917015,
		-1739553184,
		"Transform",
		{
			"enabled": true,
			"position": {
				"Vector3":
				[
					0.000000,
					4.000000,
					10.000000
				]
			},
			"quaternion": {
				"Quaternion":
				[
					0.000000,
					0.000000,
					0.000000,
					1.000000
				]
			},
			"rotation": {
				"Vector3":
				[
					0.000000,
					0.000000,
					0.000000
				]
			},
			"scale": {
				"Vector3":
				[
					1.000000,
					1.000000,
					1.000000
				]
			}
		},
		[
		],
		{
		}
	],
	[
		"Camera",
		1540495667,
		-1739553184,
		"Camera",
		{
			"backgroundColor": {
				"Vector4":
				[
					0.000000,
					0.000000,
					0.000000,
					1.000000
				]
			},
			"enabled": true,
			"far": 1000.000000,
			"focalDistance": 1.000000,
			"fov": 45.000000,
			"near": 0.100000,
			"orthographic": true,
			"ratio": 2.530201,
			"size": 10.000000
		},
		[
		],
		{
		}
	],
	[
		"AngelBehaviour",
		-1032378899,
		-1739553184,
		"GameController",
		{
			"enabled": true,
			"script": "GameController"
		},
		[
		],
		{
			"bird": 2083342095,
			"ui": 0
		}
	],
	[
		"Actor",
		-1622172694,
		2128948584,
		"Layer0",
		{
			"enabled": true,
			"static": false
		},
		[
		],
		{
		}
	],
	[
		"Transform",
		1788759220,
		-1622172694,
		"Transform",
		{
			"enabled": true,
			"position": {
				"Vector3":
				[
					0.000000,
					0.000000,
					-5.000000
				]
			},
			"quaternion": {
				"Quaternion":
				[
					0.000000,
					0.000000,
					0.000000,
					1.000000
				]
			},
			"rotation": {
				"Vector3":
				[
					0.000000,
					0.000000,
					0.000000
				]
			},
			"scale": {
				"Vector3":
				[
					1.000000,
					1.000000,
					1.000000
				]
			}
		},
		[
		],
		{
		}
	],
	[
		"Actor",
		262514788,
		-1622172694,
		"Sky",
		{
			"enabled": true,
			"static": false
		},
		[
		],
		{
		}
	],
	[
		"Transform",
		1808891695,
		262514788,
		"Transform",
		{
			"enabled": true,
			"position": {
				"Vector3":
				[
					0.000000,
					4.500000,
					0.000000
				]
			},
			"quaternion": {
				"Quaternion":
				[
					0.000000,
					0.000000,
					0.000000,
					1.000000
				]
			},
			"rotation": {
				"Vector3":
				[
					0.000000,
					0.000000,
					0.000000
				]
			},
			"scale": {
				"Vector3":
				[
					40.000000,
					9.000000,
					1.000000
				]
			}
		},
		[
		],
		{
		}
	],
	[
		"MeshRender",
		-1016248722,
		262514788,
		"MeshRender",
		{
			"enabled": true
		},
		[
		],
		{
			"Material": "{d78b29d3-947f-47c0-9d52-d21c467666d3}",
			"Mesh": "{e394db15-d7a2-481c-8926-eb3bbcf0d21a}"
		}
	],
	[
		"Actor",
		1283141929,
		-1622172694,
		"Cloud1",
		{
			"enabled": true,
			"static": false
		},
		[
		],
		{
		}
	],
	[
		"Transform",
		-240075448,
		1283141929,
		"Transform",
		{
			"enabled": true,
			"position": {
				"Vector3":
				[
					-2.598856,
					4.935025,
					1.000000
				]
			},
			"quaternion": {
				"Quaternion":
				[
					0.000000,
					0.000000,
					0.000000,
					1.000000
				]
			},
			"rotation": {
				"Vector3":
				[
					0.000000,
					0.000000,
					0.000000
				]
			},
			"scale": {
				"Vector3":
				[
					1.000000,
					1.000000,
					1.000000
				]
			}
		},
		[
		],
		{
		}
	],
	[
		"SpriteRender",
		806011564,
		1283141929,
		"SpriteRender",
		{
			"color": {
				"Vector4":
				[
					1.000000,
					1.000000,
					1.000000,
					1.000000
				]
			},
			"drawMode": 0,
			"enabled": true,
			"item": "Cloud",
			"layer": 0,
			"size": {
				"Vector2":
				[
					3.120000,
					1.230000
				]
			}
		},
		[
		],
		{
			"BaseMap": "{2e17daec-20bf-45f9-a69f-c43295be2675}",
			"Material": "{00000000-0401-0000-0000-000000000000}"
		}
	],
	[
		"Actor",
		-1293543360,
		-1622172694,
		"Cloud2",
		{
			"enabled": true,
			"static": false
		},
		[
		],
		{
		}
	],
	[
		"Transform",
		1555715859,
		-1293543360,
		"Transform",
		{
			"enabled": true,
			"position": {
				"Vector3":
				[
					3.639657,
					3.481635,
					1.000000
				]
			},
			"quaternion": {
				"Quaternion":
				[
					0.000000,
					0.000000,
					0.000000,
					1.000000
				]
			},
			"rotation": {
				"Vector3":
				[
					0.000000,
					0.000000,
					0.000000
				]
			},
			"scale": {
				"Vector3":
				[
					0.750000,
					0.750000,
					1.000000
				]
			}
		},
		[
		],
		{
		}
	],
	[
		"SpriteRender",
		1532764300,
		-1293543360,
		"SpriteRender",
		{
			"color": {
				"Vector4":
				[
					1.000000,
					1.000000,
					1.000000,
					1.000000
				]
			},
			"drawMode": 0,
			"enabled": true,
			"item": "Cloud",
			"layer": 0,
			"size": {
				"Vector2":
				[
					3.120000,
					1.230000
				]
			}
		},
		[
		],
		{
			"BaseMap": "{2e17daec-20bf-45f9-a69f-c43295be2675}",
			"Material": "{00000000-0401-0000-0000-000000000000}"
		}
	],
	[
		"Actor",
		-1594008795,
		-1622172694,
		"Cloud3",
		{
			"enabled": true,
			"static": false
		},
		[
		],
		{
		}
	],
	[
		"Transform",
		232419731,
		-1594008795,
		"Transform",
		{
			"enabled": true,
			"position": {
				"Vector3":
				[
					-7.350588,
					3.030641,
					1.000000
				]
			},
			"quaternion": {
				"Quaternion":
				[
					0.000000,
					0.000000,
					0.000000,
					1.000000
				]
			},
			"rotation": {
				"Vector3":
				[
					0.000000,
					0.000000,
					0.000000
				]
			},
			"scale": {
				"Vector3":
				[
					0.600000,
					0.600000,
					1.000000
				]
			}
		},
		[
		],
		{
		}
	],
	[
		"SpriteRender",
		-2116109257,
		-1594008795,
		"SpriteRender",
		{
			"color": {
				"Vector4":
				[
					1.000000,
					1.000000,
					1.000000,
					1.000000
				]
			},
			"drawMode": 0,
			"enabled": true,
			"item": "Cloud",
			"layer": 0,
			"size": {
				"Vector2":
				[
					3.120000,
					1.230000
				]
			}
		},
		[
		],
		{
			"BaseMap": "{2e17daec-20bf-45f9-a69f-c43295be2675}",
			"Material": "{00000000-0401-0000-0000-000000000000}"
		}
	],
	[
		"Actor",
		718789398,
		-1622172694,
		"Cloud4",
		{
			"enabled": true,
			"static": false
		},
		[
		],
		{
		}
	],
	[
		"Transform",
		-2081922883,
		718789398,
		"Transform",
		{
			"enabled": true,
			"position": {
				"Vector3":
				[
					5.721700,
					5.952000,
					1.000000
				]
			},
			"quaternion": {
				"Quaternion":
				[
					0.000000,
					0.000000,
					0.000000,
					1.000000
				]
			},
			"rotation": {
				"Vector3":
				[
					0.000000,
					0.000000,
					0.000000
				]
			},
			"scale": {
				"Vector3":
				[
					1.000000,
					1.000000,
					1.000000
				]
			}
		},
		[
		],
		{
		}
	],
	[
		"SpriteRender",
		-1315805940,
		718789398,
		"SpriteRender",
		{
			"color": {
				"Vector4":
				[
					1.000000,
					1.000000,
					1.000000,
					1.000000
				]
			},
			"drawMode": 0,
			"enabled": true,
			"item": "Cloud",
			"layer": 0,
			"size": {
				"Vector2":
				[
					3.120000,
					1.230000
				]
			}
		},
		[
		],
		{
			"BaseMap": "{2e17daec-20bf-45f9-a69f-c43295be2675}",
			"Material": "{00000000-0401-0000-0000-000000000000}"
		}
	],
	[
		"Actor",
		-243434159,
		-1622172694,
		"Cloud6",
		{
			"enabled": true,
			"static": false
		},
		[
		],
		{
		}
	],
	[
		"Transform",
		-264453568,
		-243434159,
		"Transform",
		{
			"enabled": true,
			"position": {
				"Vector3":
				[
					-8.164103,
					7.827799,
					1.000000
				]
			},
			"quaternion": {
				"Quaternion":
				[
					0.000000,
					0.000000,
					0.000000,
					1.000000
				]
			},
			"rotation": {
				"Vector3":
				[
					0.000000,
					0.000000,
					0.000000
				]
			},
			"scale": {
				"Vector3":
				[
					1.500000,
					1.500000,
					1.000000
				]
			}
		},
		[
		],
		{
		}
	],
	[
		"SpriteRender",
		2017714753,
		-243434159,
		"SpriteRender",
		{
			"color": {
				"Vector4":
				[
					1.000000,
					1.000000,
					1.000000,
					1.000000
				]
			},
			"drawMode": 0,
			"enabled": true,
			"item": "Cloud",
			"layer": 0,
			"size": {
				"Vector2":
				[
					3.120000,
					1.230000
				]
			}
		},
		[
		],
		{
			"BaseMap": "{2e17daec-20bf-45f9-a69f-c43295be2675}",
			"Material": "{00000000-0401-0000-0000-000000000000}"
		}
	],
	[
		"Actor",
		-1011797221,
		2128948584,
		"Bird",
		{
			"enabled": true,
			"static": false
		},
		[
		],
		{
		}
	],
	[
		"Transform",
		-2001354765,
		-1011797221,
		"Transform",
		{
			"enabled": true,
			"position": {
				"Vector3":
				[
					0.000000,
					4.000000,
					0.000000
				]
			},
			"quaternion": {
				"Quaternion":
				[
					0.000000,
					0.000000,
					0.000000,
					1.000000
				]
			},
			"rotation": {
				"Vector3":
				[
					0.000000,
					0.000000,
					0.000000
				]
			},
			"scale": {
				"Vector3":
				[
					0.500000,
					0.500000,
					1.000000
				]
			}
		},
		[
		],
		{
		}
	],
	[
		"SpriteRender",
		-928241822,
		-1011797221,
		"SpriteRender",
		{
			"color": {
				"Vector4":
				[
					1.000000,
					1.000000,
					1.000000,
					1.000000
				]
			},
			"drawMode": 0,
			"enabled": true,
			"item": "Bird",
			"layer": 0,
			"size": {
				"Vector2":
				[
					1.630000,
					1.220000
				]
			}
		},
		[
		],
		{
			"BaseMap": "{2e17daec-20bf-45f9-a69f-c43295be2675}",
			"Material": "{00000000-0401-0000-0000-000000000000}"
		}
	],
	[
		"SphereCollider",
		-2031930412,
		-1011797221,
		"SphereCollider",
		{
			"center": {
				"Vector3":
				[
					0.000000,
					0.000000,
					0.000000
				]
			},
			"enabled": true,
			"radius": 0.600000,
			"trigger": false
		},
		[
		],
		{
		}
	],
	[
		"RigidBody",
		2083342095,
		-1011797221,
		"RigidBody",
		{
			"enabled": true,
			"kinematic": false,
			"lockPosition": 4,
			"lockRotation": 3,
			"mass": 1.000000
		},
		[
			[
				2083342095,
				"1destroyed()",
				2083342095,
				"2onReferenceDestroyed()"
			],
			[
				2083342095,
				"1destroyed()",
				2083342095,
				"2onReferenceDestroyed()"
			]
		],
		{
		}
	],
	[
		"Actor",
		-1389795162,
		2128948584,
		"Tubes1",
		{
			"enabled": true,
			"static": false
		},
		[
		],
		{
			"Prefab": "{6b8ea729-ec14-43d2-8864-c6716ecd7d26}",
			"PrefabData": [
				[
					-1336324742,
					{
						"position": {
							"Vector3":
							[
								10.000000,
								0.000000,
								0.000000
							]
						}
					}
				],
				[
					-235557598,
					{
						"bottomTube": 1951293754,
						"topTube": -762589088
					}
				]
			],
			"Static": [
				[
					-1336324742,
					-1600942161
				],
				[
					-1159565613,
					1564570722
				],
				[
					-1606086124,
					989234600
				],
				[
					-2032567755,
					1951293754
				],
				[
					-987019316,
					623399677
				],
				[
					1835127403,
					-568540245
				],
				[
					-235557598,
					-1412427193
				],
				[
					-1491126871,
					1547393130
				],
				[
					2014768184,
					-252285429
				],
				[
					-1331077228,
					-762589088
				],
				[
					1431224345,
					-1537997146
				],
				[
					-718273685,
					-957695599
				]
			]
		}
	],
	[
		"Actor",
		718543170,
		2128948584,
		"Tubes2",
		{
			"enabled": true,
			"static": false
		},
		[
		],
		{
			"Prefab": "{6b8ea729-ec14-43d2-8864-c6716ecd7d26}",
			"PrefabData": [
				[
					-1336324742,
					{
						"position": {
							"Vector3":
							[
								15.000000,
								0.000000,
								0.000000
							]
						}
					}
				],
				[
					-235557598,
					{
						"bottomTube": 1388818064,
						"topTube": 1648132818
					}
				]
			],
			"Static": [
				[
					-1336324742,
					436416054
				],
				[
					-1159565613,
					-2112467496
				],
				[
					-1606086124,
					385651903
				],
				[
					-2032567755,
					1388818064
				],
				[
					-987019316,
					-1706471163
				],
				[
					1835127403,
					-1403046041
				],
				[
					-235557598,
					868046166
				],
				[
					-1491126871,
					169007548
				],
				[
					2014768184,
					551254096
				],
				[
					-1331077228,
					1648132818
				],
				[
					1431224345,
					-462730828
				],
				[
					-718273685,
					-115045049
				]
			]
		}
	],
	[
		"Actor",
		-947645377,
		2128948584,
		"Tubes3",
		{
			"enabled": true,
			"static": false
		},
		[
		],
		{
			"Prefab": "{6b8ea729-ec14-43d2-8864-c6716ecd7d26}",
			"PrefabData": [
				[
					-1336324742,
					{
						"position": {
							"Vector3":
							[
								20.000000,
								0.000000,
								0.000000
							]
						}
					}
				],
				[
					-235557598,
					{
						"bottomTube": -1244538844,
						"topTube": 364994256
					}
				]
			],
			"Static": [
				[
					-1336324742,
					-1144097150
				],
				[
					-1159565613,
					578156612
				],
				[
					-1606086124,
					247401750
				],
				[
					-2032567755,
					-1244538844
				],
				[
					-987019316,
					-138496071
				],
				[
					1835127403,
					-928035538
				],
				[
					-235557598,
					1457711856
				],
				[
					-1491126871,
					-1606698716
				],
				[
					2014768184,
					-564274093
				],
				[
					-1331077228,
					364994256
				],
				[
					1431224345,
					-1457218120
				],
				[
					-718273685,
					811872162
				]
			]
		}
	],
	[
		"Actor",
		-1054252577,
		2128948584,
		"Tubes4",
		{
			"enabled": true,
			"static": false
		},
		[
		],
		{
			"Prefab": "{6b8ea729-ec14-43d2-8864-c6716ecd7d26}",
			"PrefabData": [
				[
					-1336324742,
					{
						"position": {
							"Vector3":
							[
								25.000000,
								0.000000,
								0.000000
							]
						}
					}
				],
				[
					-235557598,
					{
						"bottomTube": 1542855579,
						"topTube": -839622439
					}
				]
			],
			"Static": [
				[
					-1336324742,
					448916724
				],
				[
					-1159565613,
					718413817
				],
				[
					-1606086124,
					-1124685846
				],
				[
					-2032567755,
					1542855579
				],
				[
					-987019316,
					-1173886263
				],
				[
					1835127403,
					-182321441
				],
				[
					-235557598,
					1937136874
				],
				[
					-1491126871,
					10155647
				],
				[
					2014768184,
					992578880
				],
				[
					-1331077228,
					-839622439
				],
				[
					1431224345,
					-291434540
				],
				[
					-718273685,
					407508643
				]
			]
		}
	]
]