[
	[
		"Actor",
		311056031,
		-1850736014,
		"Chunk",
		{
			"Enabled": true
		},
		[
		],
		{
		}
	],
	[
		"Transform",
		-1501759770,
		311056031,
		"",
		{
			"Enabled": true,
			"Position": {
				"Vector3":
				[
					0.000000,
					0.000000,
					0.000000
				]
			},
			"Rotation": {
				"Vector3":
				[
					0.000000,
					0.000000,
					0.000000
				]
			},
			"Scale": {
				"Vector3":
				[
					1.000000,
					1.000000,
					1.000000
				]
			}
		},
		[
		],
		{
		}
	],
	[
		"Actor",
		-465850389,
		311056031,
		"Camera",
		{
			"Enabled": true
		},
		[
		],
		{
		}
	],
	[
		"Transform",
		1271761194,
		-465850389,
		"",
		{
			"Enabled": true,
			"Position": {
				"Vector3":
				[
					2.500000,
					4.000000,
					10.000000
				]
			},
			"Rotation": {
				"Vector3":
				[
					0.000000,
					0.000000,
					0.000000
				]
			},
			"Scale": {
				"Vector3":
				[
					1.000000,
					1.000000,
					1.000000
				]
			}
		},
		[
		],
		{
		}
	],
	[
		"Camera",
		1938211806,
		-465850389,
		"Camera",
		{
			"Background_Color": {
				"Vector4":
				[
					0.000000,
					0.333333,
					0.498039,
					1.000000
				]
			},
			"Enabled": true,
			"Far": 100.000000,
			"Focal_Distance": 1.000000,
			"Fov": 60.000000,
			"Near": 0.100000,
			"Orthographic": true,
			"Size": 12.000000
		},
		[
		],
		{
		}
	],
	[
		"Pipeline",
		1706069751,
		1938211806,
		"",
		{
		},
		[
		],
		{
		}
	],
	[
		"Actor",
		185254543,
		311056031,
		"Background",
		{
			"Enabled": true
		},
		[
		],
		{
		}
	],
	[
		"Transform",
		-1547056000,
		185254543,
		"",
		{
			"Enabled": true,
			"Position": {
				"Vector3":
				[
					2.500000,
					4.000000,
					-10.000000
				]
			},
			"Rotation": {
				"Vector3":
				[
					0.000000,
					0.000000,
					0.000000
				]
			},
			"Scale": {
				"Vector3":
				[
					24.000000,
					12.000000,
					1.000000
				]
			}
		},
		[
		],
		{
		}
	],
	[
		"MeshRender",
		-1312912675,
		185254543,
		"MeshRender",
		{
			"Enabled": true
		},
		[
		],
		{
			"Material": "{24bc1058-6e1e-4991-b885-80e7c90e3aec}",
			"Mesh": "{e394db15-d7a2-481c-8926-eb3bbcf0d21a}"
		}
	],
	[
		"Actor",
		-156249552,
		311056031,
		"TextRender",
		{
			"Enabled": true
		},
		[
		],
		{
		}
	],
	[
		"Transform",
		2138576584,
		-156249552,
		"",
		{
			"Enabled": true,
			"Position": {
				"Vector3":
				[
					-0.500000,
					9.000000,
					0.000000
				]
			},
			"Rotation": {
				"Vector3":
				[
					0.000000,
					0.000000,
					0.000000
				]
			},
			"Scale": {
				"Vector3":
				[
					0.020000,
					0.020000,
					0.020000
				]
			}
		},
		[
		],
		{
		}
	],
	[
		"TextRender",
		547449796,
		-156249552,
		"TextRender",
		{
			"Alignment": 0,
			"Boundaries": {
				"Vector2":
				[
					0.000000,
					0.000000
				]
			},
			"Color": {
				"Vector4":
				[
					1.000000,
					1.000000,
					1.000000,
					1.000000
				]
			},
			"Enabled": true,
			"Font_Size": 64,
			"Text": "0",
			"Use_Kerning": true,
			"Word_Wrap": false
		},
		[
		],
		{
			"Font": "{46969c2d-ee21-499b-b707-806af0d55cf1}",
			"Material": "{00000000-0403-0000-0000-000000000000}"
		}
	],
	[
		"Actor",
		241387472,
		311056031,
		"Board",
		{
			"Enabled": true
		},
		[
		],
		{
		}
	],
	[
		"Transform",
		1306411016,
		241387472,
		"",
		{
			"Enabled": true,
			"Position": {
				"Vector3":
				[
					0.000000,
					0.000000,
					0.000000
				]
			},
			"Rotation": {
				"Vector3":
				[
					0.000000,
					0.000000,
					0.000000
				]
			},
			"Scale": {
				"Vector3":
				[
					1.000000,
					1.000000,
					1.000000
				]
			}
		},
		[
		],
		{
		}
	],
	[
		"Board",
		-34503376,
		241387472,
		"Board",
		{
			"Enabled": true
		},
		[
		],
		{
		}
	],
	[
		"Actor",
		-1993958636,
		311056031,
		"Mount",
		{
			"Enabled": true
		},
		[
		],
		{
		}
	],
	[
		"Transform",
		409192501,
		-1993958636,
		"Transform",
		{
			"Enabled": true,
			"Position": {
				"Vector3":
				[
					0.000000,
					-2.054950,
					-9.000000
				]
			},
			"Rotation": {
				"Vector3":
				[
					0.000000,
					0.000000,
					45.000000
				]
			},
			"Scale": {
				"Vector3":
				[
					5.000000,
					5.000000,
					1.000000
				]
			}
		},
		[
		],
		{
		}
	],
	[
		"MeshRender",
		-324356775,
		-1993958636,
		"MeshRender",
		{
			"Enabled": true
		},
		[
		],
		{
			"Material": "{24bc1058-6e1e-4991-b885-80e7c90e3aec}",
			"Mesh": "{e394db15-d7a2-481c-8926-eb3bbcf0d21a}"
		}
	],
	[
		"Actor",
		-2121263758,
		311056031,
		"Mount2",
		{
			"Enabled": true
		},
		[
		],
		{
		}
	],
	[
		"Transform",
		1905407895,
		-2121263758,
		"Transform",
		{
			"Enabled": true,
			"Position": {
				"Vector3":
				[
					-2.985837,
					-2.381415,
					-9.000000
				]
			},
			"Rotation": {
				"Vector3":
				[
					0.000000,
					0.000000,
					45.000000
				]
			},
			"Scale": {
				"Vector3":
				[
					4.000000,
					4.000000,
					1.000000
				]
			}
		},
		[
		],
		{
		}
	],
	[
		"MeshRender",
		-2050701106,
		-2121263758,
		"MeshRender",
		{
			"Enabled": true
		},
		[
		],
		{
			"Material": "{24bc1058-6e1e-4991-b885-80e7c90e3aec}",
			"Mesh": "{e394db15-d7a2-481c-8926-eb3bbcf0d21a}"
		}
	],
	[
		"Actor",
		-424943393,
		311056031,
		"Mount3",
		{
			"Enabled": true
		},
		[
		],
		{
		}
	],
	[
		"Transform",
		1734556436,
		-424943393,
		"Transform",
		{
			"Enabled": true,
			"Position": {
				"Vector3":
				[
					3.937716,
					-2.573933,
					-9.000000
				]
			},
			"Rotation": {
				"Vector3":
				[
					0.000000,
					0.000000,
					45.000000
				]
			},
			"Scale": {
				"Vector3":
				[
					4.000000,
					4.000000,
					1.000000
				]
			}
		},
		[
		],
		{
		}
	],
	[
		"MeshRender",
		-632064329,
		-424943393,
		"MeshRender",
		{
			"Enabled": true
		},
		[
		],
		{
			"Material": "{24bc1058-6e1e-4991-b885-80e7c90e3aec}",
			"Mesh": "{e394db15-d7a2-481c-8926-eb3bbcf0d21a}"
		}
	],
	[
		"Actor",
		67652357,
		311056031,
		"Mount4",
		{
			"Enabled": true
		},
		[
		],
		{
		}
	],
	[
		"Transform",
		1015682432,
		67652357,
		"Transform",
		{
			"Enabled": true,
			"Position": {
				"Vector3":
				[
					7.890561,
					-2.573933,
					-9.000000
				]
			},
			"Rotation": {
				"Vector3":
				[
					0.000000,
					0.000000,
					45.000000
				]
			},
			"Scale": {
				"Vector3":
				[
					4.000000,
					4.000000,
					1.000000
				]
			}
		},
		[
		],
		{
		}
	],
	[
		"MeshRender",
		1979109479,
		67652357,
		"MeshRender",
		{
			"Enabled": true
		},
		[
		],
		{
			"Material": "{24bc1058-6e1e-4991-b885-80e7c90e3aec}",
			"Mesh": "{e394db15-d7a2-481c-8926-eb3bbcf0d21a}"
		}
	]
]