[
	[
		311056031,
		436195300,
		"Actor",
		"Chunk",
		{
			"Enable": true
		},
		[
		],
		{
		}
	],
	[
		-1501759770,
		311056031,
		"Transform",
		"",
		{
			"Enable": true,
			"Position": {
				"Vector3":
				[
					0.000000,
					0.000000,
					0.000000
				]
			},
			"Rotation": {
				"Vector3":
				[
					0.000000,
					0.000000,
					0.000000
				]
			},
			"Scale": {
				"Vector3":
				[
					1.000000,
					1.000000,
					1.000000
				]
			}
		},
		[
		],
		{
		}
	],
	[
		-465850389,
		311056031,
		"Actor",
		"Camera",
		{
			"Enable": true
		},
		[
		],
		{
		}
	],
	[
		1271761194,
		-465850389,
		"Transform",
		"",
		{
			"Enable": true,
			"Position": {
				"Vector3":
				[
					3.000000,
					4.000000,
					10.000000
				]
			},
			"Rotation": {
				"Vector3":
				[
					0.000000,
					0.000000,
					0.000000
				]
			},
			"Scale": {
				"Vector3":
				[
					1.000000,
					1.000000,
					1.000000
				]
			}
		},
		[
		],
		{
		}
	],
	[
		1938211806,
		-465850389,
		"Camera",
		"Camera",
		{
			"Background_Color": {
				"Vector4":
				[
					0.000000,
					0.333333,
					0.498039,
					1.000000
				]
			},
			"Enable": true,
			"Far": 100.000000,
			"Focal_Distance": 1.000000,
			"Fov": 60.000000,
			"Near": 0.100000,
			"Orthographic": true,
			"Size": 20.000000
		},
		[
		],
		{
		}
	],
	[
		1706069751,
		1938211806,
		"Pipeline",
		"",
		{
		},
		[
		],
		{
		}
	],
	[
		185254543,
		311056031,
		"Actor",
		"Background",
		{
			"Enable": true
		},
		[
		],
		{
		}
	],
	[
		-1547056000,
		185254543,
		"Transform",
		"",
		{
			"Enable": true,
			"Position": {
				"Vector3":
				[
					3.000000,
					4.000000,
					0.000000
				]
			},
			"Rotation": {
				"Vector3":
				[
					0.000000,
					0.000000,
					0.000000
				]
			},
			"Scale": {
				"Vector3":
				[
					10.800000,
					19.200001,
					1.000000
				]
			}
		},
		[
		],
		{
		}
	],
	[
		400396451,
		185254543,
		"SpriteMesh",
		"SpriteMesh",
		{
			"Enable": true
		},
		[
		],
		{
			"BaseMap": "{3134cf54-6d46-4e4f-a9f9-a6d714a015d0}",
			"Material": "{00000000-0401-0000-0000-000000000000}"
		}
	],
	[
		-156249552,
		311056031,
		"Actor",
		"TextMesh",
		{
			"Enable": true
		},
		[
		],
		{
		}
	],
	[
		2138576584,
		-156249552,
		"Transform",
		"",
		{
			"Enable": true,
			"Position": {
				"Vector3":
				[
					-0.250000,
					8.500000,
					0.000000
				]
			},
			"Rotation": {
				"Vector3":
				[
					0.000000,
					0.000000,
					0.000000
				]
			},
			"Scale": {
				"Vector3":
				[
					0.020000,
					0.020000,
					0.020000
				]
			}
		},
		[
		],
		{
		}
	],
	[
		547449796,
		-156249552,
		"TextMesh",
		"TextMesh",
		{
			"Color": {
				"Vector4":
				[
					1.000000,
					1.000000,
					1.000000,
					1.000000
				]
			},
			"Enable": true,
			"Font_Size": 32,
			"Text": "0"
		},
		[
		],
		{
			"Font": "{46969c2d-ee21-499b-b707-806af0d55cf1}"
		}
	],
	[
		241387472,
		311056031,
		"Actor",
		"Board",
		{
			"Enable": true
		},
		[
		],
		{
		}
	],
	[
		1306411016,
		241387472,
		"Transform",
		"",
		{
			"Enable": true,
			"Position": {
				"Vector3":
				[
					0.000000,
					0.000000,
					0.000000
				]
			},
			"Rotation": {
				"Vector3":
				[
					0.000000,
					0.000000,
					0.000000
				]
			},
			"Scale": {
				"Vector3":
				[
					1.000000,
					1.000000,
					1.000000
				]
			}
		},
		[
		],
		{
		}
	],
	[
		-34503376,
		241387472,
		"Board",
		"Board",
		{
			"Enable": true
		},
		[
		],
		{
		}
	]
]