[
	[
		"Chunk",
		-1131072845,
		-1382347317,
		"Board",
		{
		},
		[
		],
		{
		}
	],
	[
		"Actor",
		-1515142275,
		-1131072845,
		"AngelBehaviour",
		{
			"enabled": true,
			"static": false
		},
		[
		],
		{
			"Flags": 3
		}
	],
	[
		"Transform",
		-1051162104,
		-1515142275,
		"Transform",
		{
			"enabled": true,
			"position": {
				"Vector3":
				[
					0.000000,
					0.000000,
					0.000000
				]
			},
			"quaternion": {
				"Quaternion":
				[
					0.000000,
					0.000000,
					0.000000,
					1.000000
				]
			},
			"rotation": {
				"Vector3":
				[
					0.000000,
					0.000000,
					0.000000
				]
			},
			"scale": {
				"Vector3":
				[
					1.000000,
					1.000000,
					1.000000
				]
			}
		},
		[
		],
		{
		}
	],
	[
		"AngelBehaviour",
		2135247037,
		-1515142275,
		"AngelBehaviour",
		{
			"enabled": true,
			"script": "Board"
		},
		[
		],
		{
		}
	],
	[
		"Actor",
		-1724516578,
		-1515142275,
		"Score",
		{
			"enabled": true,
			"static": false
		},
		[
		],
		{
			"Flags": 3
		}
	],
	[
		"Transform",
		1917463309,
		-1724516578,
		"Transform",
		{
			"enabled": true,
			"position": {
				"Vector3":
				[
					-0.500000,
					4.500000,
					0.000000
				]
			},
			"quaternion": {
				"Quaternion":
				[
					0.000000,
					0.000000,
					0.000000,
					1.000000
				]
			},
			"rotation": {
				"Vector3":
				[
					0.000000,
					0.000000,
					0.000000
				]
			},
			"scale": {
				"Vector3":
				[
					0.500000,
					0.500000,
					1.000000
				]
			}
		},
		[
		],
		{
		}
	],
	[
		"TextRender",
		303050794,
		-1724516578,
		"TextRender",
		{
			"alignment": 17,
			"color": {
				"Vector4":
				[
					0.976471,
					0.964706,
					0.949020,
					1.000000
				]
			},
			"enabled": true,
			"fontSize": 1,
			"kerning": true,
			"size": {
				"Vector2":
				[
					0.000000,
					0.000000
				]
			},
			"text": "Score: 0",
			"wordWrap": true
		},
		[
		],
		{
			"Font": "{00000000-0601-0000-0000-000000000000}",
			"Material": "{00000000-0403-0000-0000-000000000000}"
		}
	],
	[
		"Actor",
		-730550110,
		-1131072845,
		"Camera",
		{
			"enabled": true,
			"static": false
		},
		[
		],
		{
			"Flags": 3
		}
	],
	[
		"Transform",
		-434504745,
		-730550110,
		"Transform",
		{
			"enabled": true,
			"position": {
				"Vector3":
				[
					1.500000,
					2.000000,
					5.000000
				]
			},
			"quaternion": {
				"Quaternion":
				[
					0.000000,
					0.000000,
					0.000000,
					1.000000
				]
			},
			"rotation": {
				"Vector3":
				[
					0.000000,
					0.000000,
					0.000000
				]
			},
			"scale": {
				"Vector3":
				[
					1.000000,
					1.000000,
					1.000000
				]
			}
		},
		[
		],
		{
		}
	],
	[
		"Camera",
		-1160358483,
		-730550110,
		"Camera",
		{
			"backgroundColor": {
				"Vector4":
				[
					0.250980,
					0.250980,
					0.250980,
					1.000000
				]
			},
			"enabled": true,
			"far": 20.000000,
			"focalDistance": 1.000000,
			"fov": 45.000000,
			"near": 0.100000,
			"orthographic": true,
			"ratio": 2.029610,
			"size": 8.000000
		},
		[
		],
		{
		}
	]
]