[
	[
		"Actor",
		-1131072845,
		1619358894,
		"Chunk",
		{
			"Enable": true
		},
		[
		],
		{
		}
	],
	[
		"Transform",
		-994325635,
		-1131072845,
		"Transform",
		{
			"Enable": true,
			"Position": {
				"Vector3":
				[
					0.000000,
					0.000000,
					0.000000
				]
			},
			"Rotation": {
				"Vector3":
				[
					0.000000,
					0.000000,
					0.000000
				]
			},
			"Scale": {
				"Vector3":
				[
					1.000000,
					1.000000,
					1.000000
				]
			}
		},
		[
		],
		{
		}
	],
	[
		"Actor",
		-1515142275,
		-1131072845,
		"AngelBehaviour",
		{
			"Enable": true
		},
		[
		],
		{
		}
	],
	[
		"Transform",
		-1051162104,
		-1515142275,
		"Transform",
		{
			"Enable": true,
			"Position": {
				"Vector3":
				[
					0.000000,
					0.000000,
					0.000000
				]
			},
			"Rotation": {
				"Vector3":
				[
					0.000000,
					0.000000,
					0.000000
				]
			},
			"Scale": {
				"Vector3":
				[
					1.000000,
					1.000000,
					1.000000
				]
			}
		},
		[
		],
		{
		}
	],
	[
		"AngelBehaviour",
		2135247037,
		-1515142275,
		"AngelBehaviour",
		{
			"Enable": true,
			"Script": "Board"
		},
		[
		],
		{
		}
	]
]