[
	[
		"Actor",
		-1131072845,
		-968253730,
		"Chunk",
		{
			"Enabled": true
		},
		[
		],
		{
		}
	],
	[
		"Transform",
		-994325635,
		-1131072845,
		"Transform",
		{
			"Enabled": true,
			"Position": {
				"Vector3":
				[
					0.000000,
					0.000000,
					0.000000
				]
			},
			"Rotation": {
				"Vector3":
				[
					0.000000,
					0.000000,
					0.000000
				]
			},
			"Scale": {
				"Vector3":
				[
					1.000000,
					1.000000,
					1.000000
				]
			}
		},
		[
		],
		{
		}
	],
	[
		"Actor",
		-1515142275,
		-1131072845,
		"AngelBehaviour",
		{
			"Enabled": true
		},
		[
		],
		{
		}
	],
	[
		"Transform",
		-1051162104,
		-1515142275,
		"Transform",
		{
			"Enabled": true,
			"Position": {
				"Vector3":
				[
					0.000000,
					0.000000,
					0.000000
				]
			},
			"Rotation": {
				"Vector3":
				[
					0.000000,
					0.000000,
					0.000000
				]
			},
			"Scale": {
				"Vector3":
				[
					1.000000,
					1.000000,
					1.000000
				]
			}
		},
		[
		],
		{
		}
	],
	[
		"AngelBehaviour",
		2135247037,
		-1515142275,
		"AngelBehaviour",
		{
			"Enabled": true,
			"Script": "Board"
		},
		[
		],
		{
			"ElementPrefab": "{94e53999-5fbb-4274-8d66-760ff77c3fe5}",
			"Size": 4
		}
	],
	[
		"Actor",
		-1724516578,
		-1515142275,
		"Score",
		{
			"Enabled": true
		},
		[
		],
		{
		}
	],
	[
		"Transform",
		1917463309,
		-1724516578,
		"Transform",
		{
			"Enabled": true,
			"Position": {
				"Vector3":
				[
					-0.500000,
					4.500000,
					0.000000
				]
			},
			"Rotation": {
				"Vector3":
				[
					0.000000,
					0.000000,
					0.000000
				]
			},
			"Scale": {
				"Vector3":
				[
					0.500000,
					0.500000,
					1.000000
				]
			}
		},
		[
		],
		{
		}
	],
	[
		"TextRender",
		303050794,
		-1724516578,
		"TextRender",
		{
			"Alignment": 0,
			"Boundaries": {
				"Vector2":
				[
					0.000000,
					0.000000
				]
			},
			"Color": {
				"Vector4":
				[
					0.976471,
					0.964706,
					0.949020,
					1.000000
				]
			},
			"Enabled": true,
			"Font_Size": 1,
			"Text": "Score: 0",
			"Use_Kerning": true,
			"Word_Wrap": false
		},
		[
		],
		{
			"Font": "{79233eea-95d9-405a-a99a-8b005c3879d7}",
			"Material": "{00000000-0403-0000-0000-000000000000}"
		}
	],
	[
		"Actor",
		-730550110,
		-1131072845,
		"Camera",
		{
			"Enabled": true
		},
		[
		],
		{
		}
	],
	[
		"Transform",
		-434504745,
		-730550110,
		"Transform",
		{
			"Enabled": true,
			"Position": {
				"Vector3":
				[
					1.500000,
					2.000000,
					5.000000
				]
			},
			"Rotation": {
				"Vector3":
				[
					0.000000,
					0.000000,
					0.000000
				]
			},
			"Scale": {
				"Vector3":
				[
					1.000000,
					1.000000,
					1.000000
				]
			}
		},
		[
		],
		{
		}
	],
	[
		"Camera",
		-1160358483,
		-730550110,
		"Camera",
		{
			"Background_Color": {
				"Vector4":
				[
					0.250980,
					0.250980,
					0.250980,
					1.000000
				]
			},
			"Enabled": true,
			"Far": 20.000000,
			"Focal_Distance": 1.000000,
			"Fov": 45.000000,
			"Near": 0.100000,
			"Orthographic": true,
			"Size": 8.000000
		},
		[
		],
		{
		}
	]
]